---
source: tests/snapshot_tests.rs
assertion_line: 178
expression: snap
---
[
  {
    "rank": 1,
    "champion_key": "Lux",
    "tier": "B",
    "confidence": "low"
  },
  {
    "rank": 2,
    "champion_key": "Blitzcrank",
    "tier": "C",
    "confidence": "low"
  },
  {
    "rank": 3,
    "champion_key": "Ashe",
    "tier": "C",
    "confidence": "low"
  },
  {
    "rank": 4,
    "champion_key": "Vi",
    "tier": "C",
    "confidence": "low"
  },
  {
    "rank": 5,
    "champion_key": "Ekko",
    "tier": "C",
    "confidence": "low"
  }
]
